
   FAIL  Tests\Feature\Auth\InvitedUserRegistrationTest
  ✓ registration screen ca… 1.97s  
  ⨯ invited user can regis… 0.31s  
  ───────────────────────────────  
   FAILED  Tests\Feature\Auth\I…   
  Failed asserting that a row in the table [users] matches the attributes {
    "email": "test@example.com",
    "customer_id": 2
}.

Found similar results: [
    {
        "email": "test@example.com",
        "customer_id": null
    }
].

  at tests\Feature\Auth\InvitedUserRegistrationTest.php:46
     42▕         ->call('register')
     43▕         ->assertRedirect(route('dashboard'));
     44▕ 
     45▕     $this->assertAuthenticated();
  ➜  46▕     $this->assertDatabaseHas('users', [
     47▕         'email' => 'test@example.com',
     48▕         'customer_id' => $customer->id,
     49▕     ]);
     50▕ });


  Tests:    1 failed, 1 passed (6 assertions)
  Duration: 2.41s

